// Jest Snapshot v1, https://goo.gl/fbAQLP

exports[`PoolFactory #createPool gas 1`] = `4706756`;

exports[`PoolFactory factory bytecode size 1`] = `25545`;

exports[`PoolFactory pool bytecode size 1`] = `22884`;
