// Jest Snapshot v1, https://goo.gl/fbAQLP

exports[`Pool gas tests fee is off #burn above current price burn entire position after some time passes 1`] = `94038`;

exports[`Pool gas tests fee is off #burn above current price burn when only position using ticks 1`] = `94038`;

exports[`Pool gas tests fee is off #burn above current price entire position burn but other positions are using the ticks 1`] = `93195`;

exports[`Pool gas tests fee is off #burn above current price partial position burn 1`] = `97995`;

exports[`Pool gas tests fee is off #burn around current price burn entire position after some time passes 1`] = `111384`;

exports[`Pool gas tests fee is off #burn around current price burn when only position using ticks 1`] = `106341`;

exports[`Pool gas tests fee is off #burn around current price entire position burn but other positions are using the ticks 1`] = `98174`;

exports[`Pool gas tests fee is off #burn around current price partial position burn 1`] = `102974`;

exports[`Pool gas tests fee is off #burn below current price burn entire position after some time passes 1`] = `103589`;

exports[`Pool gas tests fee is off #burn below current price burn when only position using ticks 1`] = `103589`;

exports[`Pool gas tests fee is off #burn below current price entire position burn but other positions are using the ticks 1`] = `93934`;

exports[`Pool gas tests fee is off #burn below current price partial position burn 1`] = `98734`;

exports[`Pool gas tests fee is off #collect close to worst case 1`] = `46676`;

exports[`Pool gas tests fee is off #increaseObservationCardinalityNext grow by 1 slot 1`] = `51153`;

exports[`Pool gas tests fee is off #increaseObservationCardinalityNext no op 1`] = `24740`;

exports[`Pool gas tests fee is off #mint above current price add to position after some time passes 1`] = `111251`;

exports[`Pool gas tests fee is off #mint above current price add to position existing 1`] = `111251`;

exports[`Pool gas tests fee is off #mint above current price new position mint first in range 1`] = `229885`;

exports[`Pool gas tests fee is off #mint above current price second position in same range 1`] = `128351`;

exports[`Pool gas tests fee is off #mint around current price add to position after some time passes 1`] = `150658`;

exports[`Pool gas tests fee is off #mint around current price add to position existing 1`] = `141553`;

exports[`Pool gas tests fee is off #mint around current price new position mint first in range 1`] = `331725`;

exports[`Pool gas tests fee is off #mint around current price second position in same range 1`] = `158653`;

exports[`Pool gas tests fee is off #mint below current price add to position after some time passes 1`] = `111977`;

exports[`Pool gas tests fee is off #mint below current price add to position existing 1`] = `111977`;

exports[`Pool gas tests fee is off #mint below current price new position mint first in range 1`] = `311677`;

exports[`Pool gas tests fee is off #mint below current price second position in same range 1`] = `129077`;

exports[`Pool gas tests fee is off #poke best case 1`] = `52238`;

exports[`Pool gas tests fee is off #snapshotCumulativesInside tick above 1`] = `29870`;

exports[`Pool gas tests fee is off #snapshotCumulativesInside tick below 1`] = `29832`;

exports[`Pool gas tests fee is off #snapshotCumulativesInside tick inside 1`] = `37219`;

exports[`Pool gas tests fee is off #swapExact0For1 first swap in block moves tick, no initialized crossings 1`] = `117405`;

exports[`Pool gas tests fee is off #swapExact0For1 first swap in block with no tick movement 1`] = `101487`;

exports[`Pool gas tests fee is off #swapExact0For1 first swap in block, large swap crossing a single initialized tick 1`] = `142696`;

exports[`Pool gas tests fee is off #swapExact0For1 first swap in block, large swap crossing several initialized ticks 1`] = `196654`;

exports[`Pool gas tests fee is off #swapExact0For1 first swap in block, large swap, no initialized crossings 1`] = `132334`;

exports[`Pool gas tests fee is off #swapExact0For1 large swap crossing several initialized ticks after some time passes 1`] = `196654`;

exports[`Pool gas tests fee is off #swapExact0For1 large swap crossing several initialized ticks second time after some time passes 1`] = `215854`;

exports[`Pool gas tests fee is off #swapExact0For1 second swap in block moves tick, no initialized crossings 1`] = `117405`;

exports[`Pool gas tests fee is off #swapExact0For1 second swap in block with no tick movement 1`] = `101598`;

exports[`Pool gas tests fee is off #swapExact0For1 second swap in block, large swap crossing a single initialized tick 1`] = `129194`;

exports[`Pool gas tests fee is off #swapExact0For1 second swap in block, large swap crossing several initialized ticks 1`] = `183119`;

exports[`Pool gas tests fee is on #burn above current price burn entire position after some time passes 1`] = `94038`;

exports[`Pool gas tests fee is on #burn above current price burn when only position using ticks 1`] = `94038`;

exports[`Pool gas tests fee is on #burn above current price entire position burn but other positions are using the ticks 1`] = `93195`;

exports[`Pool gas tests fee is on #burn above current price partial position burn 1`] = `97995`;

exports[`Pool gas tests fee is on #burn around current price burn entire position after some time passes 1`] = `111384`;

exports[`Pool gas tests fee is on #burn around current price burn when only position using ticks 1`] = `106341`;

exports[`Pool gas tests fee is on #burn around current price entire position burn but other positions are using the ticks 1`] = `98174`;

exports[`Pool gas tests fee is on #burn around current price partial position burn 1`] = `102974`;

exports[`Pool gas tests fee is on #burn below current price burn entire position after some time passes 1`] = `103589`;

exports[`Pool gas tests fee is on #burn below current price burn when only position using ticks 1`] = `103589`;

exports[`Pool gas tests fee is on #burn below current price entire position burn but other positions are using the ticks 1`] = `93934`;

exports[`Pool gas tests fee is on #burn below current price partial position burn 1`] = `98734`;

exports[`Pool gas tests fee is on #collect close to worst case 1`] = `46676`;

exports[`Pool gas tests fee is on #increaseObservationCardinalityNext grow by 1 slot 1`] = `51153`;

exports[`Pool gas tests fee is on #increaseObservationCardinalityNext no op 1`] = `24740`;

exports[`Pool gas tests fee is on #mint above current price add to position after some time passes 1`] = `111251`;

exports[`Pool gas tests fee is on #mint above current price add to position existing 1`] = `111251`;

exports[`Pool gas tests fee is on #mint above current price new position mint first in range 1`] = `229885`;

exports[`Pool gas tests fee is on #mint above current price second position in same range 1`] = `128351`;

exports[`Pool gas tests fee is on #mint around current price add to position after some time passes 1`] = `150658`;

exports[`Pool gas tests fee is on #mint around current price add to position existing 1`] = `141553`;

exports[`Pool gas tests fee is on #mint around current price new position mint first in range 1`] = `331725`;

exports[`Pool gas tests fee is on #mint around current price second position in same range 1`] = `158653`;

exports[`Pool gas tests fee is on #mint below current price add to position after some time passes 1`] = `111977`;

exports[`Pool gas tests fee is on #mint below current price add to position existing 1`] = `111977`;

exports[`Pool gas tests fee is on #mint below current price new position mint first in range 1`] = `311677`;

exports[`Pool gas tests fee is on #mint below current price second position in same range 1`] = `129077`;

exports[`Pool gas tests fee is on #poke best case 1`] = `52238`;

exports[`Pool gas tests fee is on #snapshotCumulativesInside tick above 1`] = `29870`;

exports[`Pool gas tests fee is on #snapshotCumulativesInside tick below 1`] = `29832`;

exports[`Pool gas tests fee is on #snapshotCumulativesInside tick inside 1`] = `37219`;

exports[`Pool gas tests fee is on #swapExact0For1 first swap in block moves tick, no initialized crossings 1`] = `122792`;

exports[`Pool gas tests fee is on #swapExact0For1 first swap in block with no tick movement 1`] = `106727`;

exports[`Pool gas tests fee is on #swapExact0For1 first swap in block, large swap crossing a single initialized tick 1`] = `148230`;

exports[`Pool gas tests fee is on #swapExact0For1 first swap in block, large swap crossing several initialized ticks 1`] = `202629`;

exports[`Pool gas tests fee is on #swapExact0For1 first swap in block, large swap, no initialized crossings 1`] = `138015`;

exports[`Pool gas tests fee is on #swapExact0For1 large swap crossing several initialized ticks after some time passes 1`] = `202629`;

exports[`Pool gas tests fee is on #swapExact0For1 large swap crossing several initialized ticks second time after some time passes 1`] = `221829`;

exports[`Pool gas tests fee is on #swapExact0For1 second swap in block moves tick, no initialized crossings 1`] = `122792`;

exports[`Pool gas tests fee is on #swapExact0For1 second swap in block with no tick movement 1`] = `106838`;

exports[`Pool gas tests fee is on #swapExact0For1 second swap in block, large swap crossing a single initialized tick 1`] = `134581`;

exports[`Pool gas tests fee is on #swapExact0For1 second swap in block, large swap crossing several initialized ticks 1`] = `188947`;
