// Jest Snapshot v1, https://goo.gl/fbAQLP

exports[`SqrtPriceMath #getAmount0Delta gas cost for amount0 where roundUp = true 1`] = `878`;

exports[`SqrtPriceMath #getAmount0Delta gas cost for amount0 where roundUp = true 2`] = `772`;

exports[`SqrtPriceMath #getAmount1Delta gas cost for amount0 where roundUp = false 1`] = `772`;

exports[`SqrtPriceMath #getAmount1Delta gas cost for amount0 where roundUp = true 1`] = `878`;

exports[`SqrtPriceMath #getNextPriceFromInput zeroForOne = false gas 1`] = `551`;

exports[`SqrtPriceMath #getNextPriceFromInput zeroForOne = true gas 1`] = `1154`;

exports[`SqrtPriceMath #getNextPriceFromOutput zeroForOne = false gas 1`] = `1164`;

exports[`SqrtPriceMath #getNextPriceFromOutput zeroForOne = true gas 1`] = `785`;
