// Jest Snapshot v1, https://goo.gl/fbAQLP

exports[`UniswapV3Factory #createPair gas 1`] = `4158398`;
