// Jest Snapshot v1, https://goo.gl/fbAQLP

exports[`UniswapV3Pair #setPosition after initialization success cases above current price gas 1`] = `240456`;

exports[`UniswapV3Pair #setPosition after initialization success cases below current price gas 1`] = `227574`;

exports[`UniswapV3Pair #setPosition after initialization success cases including current price gas 1`] = `239635`;

exports[`UniswapV3Pair post-initialize (fee vote 1 - 0.12%) swap0For1 gas 1`] = `125377`;

exports[`UniswapV3Pair post-initialize (fee vote 1 - 0.12%) swap0For1 gas large swap 1`] = `124794`;

exports[`UniswapV3Pair post-initialize (fee vote 1 - 0.12%) swap0For1 gas large swap crossing several initialized ticks 1`] = `308696`;

exports[`UniswapV3Pair post-initialize (fee vote 1 - 0.12%) swap1For0 gas 1`] = `114474`;

exports[`UniswapV3Pair post-initialize (fee vote 1 - 0.12%) swap1For0 gas large swap 1`] = `121572`;

exports[`UniswapV3Pair post-initialize (fee vote 1 - 0.12%) swap1For0 gas large swap crossing several initialized ticks 1`] = `304770`;
