// Jest Snapshot v1, https://goo.gl/fbAQLP

exports[`UniswapV3Pair gas tests fee is off #burn above current price burn entire position after some time passes 1`] = `56685`;

exports[`UniswapV3Pair gas tests fee is off #burn above current price burn when only position using ticks 1`] = `56685`;

exports[`UniswapV3Pair gas tests fee is off #burn above current price entire position burn but other positions are using the ticks 1`] = `76676`;

exports[`UniswapV3Pair gas tests fee is off #burn above current price partial position burn 1`] = `90049`;

exports[`UniswapV3Pair gas tests fee is off #burn around current price burn entire position after some time passes 1`] = `83366`;

exports[`UniswapV3Pair gas tests fee is off #burn around current price burn when only position using ticks 1`] = `80028`;

exports[`UniswapV3Pair gas tests fee is off #burn around current price entire position burn but other positions are using the ticks 1`] = `104559`;

exports[`UniswapV3Pair gas tests fee is off #burn around current price partial position burn 1`] = `117932`;

exports[`UniswapV3Pair gas tests fee is off #burn below current price burn entire position after some time passes 1`] = `69507`;

exports[`UniswapV3Pair gas tests fee is off #burn below current price burn when only position using ticks 1`] = `69507`;

exports[`UniswapV3Pair gas tests fee is off #burn below current price entire position burn but other positions are using the ticks 1`] = `77314`;

exports[`UniswapV3Pair gas tests fee is off #burn below current price partial position burn 1`] = `90687`;

exports[`UniswapV3Pair gas tests fee is off #collect close to worst case 1`] = `41817`;

exports[`UniswapV3Pair gas tests fee is off #mint above current price add to position after some time passes 1`] = `113351`;

exports[`UniswapV3Pair gas tests fee is off #mint above current price add to position existing 1`] = `113351`;

exports[`UniswapV3Pair gas tests fee is off #mint above current price new position mint first in range 1`] = `181733`;

exports[`UniswapV3Pair gas tests fee is off #mint above current price second position in same range 1`] = `128351`;

exports[`UniswapV3Pair gas tests fee is off #mint around current price add to position after some time passes 1`] = `168584`;

exports[`UniswapV3Pair gas tests fee is off #mint around current price add to position existing 1`] = `157708`;

exports[`UniswapV3Pair gas tests fee is off #mint around current price new position mint first in range 1`] = `317376`;

exports[`UniswapV3Pair gas tests fee is off #mint around current price second position in same range 1`] = `172708`;

exports[`UniswapV3Pair gas tests fee is off #mint below current price add to position after some time passes 1`] = `113958`;

exports[`UniswapV3Pair gas tests fee is off #mint below current price add to position existing 1`] = `113958`;

exports[`UniswapV3Pair gas tests fee is off #mint below current price new position mint first in range 1`] = `285606`;

exports[`UniswapV3Pair gas tests fee is off #mint below current price second position in same range 1`] = `128958`;

exports[`UniswapV3Pair gas tests fee is off #poke best case 1`] = `47646`;

exports[`UniswapV3Pair gas tests fee is off #swapExact0For1 first swap in block moves tick, no initialized crossings 1`] = `110845`;

exports[`UniswapV3Pair gas tests fee is off #swapExact0For1 first swap in block with no tick movement 1`] = `93413`;

exports[`UniswapV3Pair gas tests fee is off #swapExact0For1 first swap in block, large swap crossing a single initialized tick 1`] = `113345`;

exports[`UniswapV3Pair gas tests fee is off #swapExact0For1 first swap in block, large swap crossing several initialized ticks 1`] = `129374`;

exports[`UniswapV3Pair gas tests fee is off #swapExact0For1 first swap in block, large swap, no initialized crossings 1`] = `123145`;

exports[`UniswapV3Pair gas tests fee is off #swapExact0For1 large swap crossing several initialized ticks after some time passes (seconds outside is set) 1`] = `144374`;

exports[`UniswapV3Pair gas tests fee is off #swapExact0For1 large swap crossing several initialized ticks second time after some time passes 1`] = `204397`;

exports[`UniswapV3Pair gas tests fee is off #swapExact0For1 second swap in block moves tick, no initialized crossings 1`] = `110845`;

exports[`UniswapV3Pair gas tests fee is off #swapExact0For1 second swap in block with no tick movement 1`] = `93542`;

exports[`UniswapV3Pair gas tests fee is off #swapExact0For1 second swap in block, large swap crossing a single initialized tick 1`] = `100811`;

exports[`UniswapV3Pair gas tests fee is off #swapExact0For1 second swap in block, large swap crossing several initialized ticks 1`] = `116810`;

exports[`UniswapV3Pair gas tests fee is on #burn above current price burn entire position after some time passes 1`] = `56685`;

exports[`UniswapV3Pair gas tests fee is on #burn above current price burn when only position using ticks 1`] = `56685`;

exports[`UniswapV3Pair gas tests fee is on #burn above current price entire position burn but other positions are using the ticks 1`] = `76676`;

exports[`UniswapV3Pair gas tests fee is on #burn above current price partial position burn 1`] = `90049`;

exports[`UniswapV3Pair gas tests fee is on #burn around current price burn entire position after some time passes 1`] = `83366`;

exports[`UniswapV3Pair gas tests fee is on #burn around current price burn when only position using ticks 1`] = `80028`;

exports[`UniswapV3Pair gas tests fee is on #burn around current price entire position burn but other positions are using the ticks 1`] = `104559`;

exports[`UniswapV3Pair gas tests fee is on #burn around current price partial position burn 1`] = `117932`;

exports[`UniswapV3Pair gas tests fee is on #burn below current price burn entire position after some time passes 1`] = `69507`;

exports[`UniswapV3Pair gas tests fee is on #burn below current price burn when only position using ticks 1`] = `69507`;

exports[`UniswapV3Pair gas tests fee is on #burn below current price entire position burn but other positions are using the ticks 1`] = `77314`;

exports[`UniswapV3Pair gas tests fee is on #burn below current price partial position burn 1`] = `90687`;

exports[`UniswapV3Pair gas tests fee is on #collect close to worst case 1`] = `41817`;

exports[`UniswapV3Pair gas tests fee is on #mint above current price add to position after some time passes 1`] = `113351`;

exports[`UniswapV3Pair gas tests fee is on #mint above current price add to position existing 1`] = `113351`;

exports[`UniswapV3Pair gas tests fee is on #mint above current price new position mint first in range 1`] = `181733`;

exports[`UniswapV3Pair gas tests fee is on #mint above current price second position in same range 1`] = `128351`;

exports[`UniswapV3Pair gas tests fee is on #mint around current price add to position after some time passes 1`] = `168584`;

exports[`UniswapV3Pair gas tests fee is on #mint around current price add to position existing 1`] = `157708`;

exports[`UniswapV3Pair gas tests fee is on #mint around current price new position mint first in range 1`] = `317376`;

exports[`UniswapV3Pair gas tests fee is on #mint around current price second position in same range 1`] = `172708`;

exports[`UniswapV3Pair gas tests fee is on #mint below current price add to position after some time passes 1`] = `113958`;

exports[`UniswapV3Pair gas tests fee is on #mint below current price add to position existing 1`] = `113958`;

exports[`UniswapV3Pair gas tests fee is on #mint below current price new position mint first in range 1`] = `285606`;

exports[`UniswapV3Pair gas tests fee is on #mint below current price second position in same range 1`] = `128958`;

exports[`UniswapV3Pair gas tests fee is on #poke best case 1`] = `47646`;

exports[`UniswapV3Pair gas tests fee is on #swapExact0For1 first swap in block moves tick, no initialized crossings 1`] = `110845`;

exports[`UniswapV3Pair gas tests fee is on #swapExact0For1 first swap in block with no tick movement 1`] = `93413`;

exports[`UniswapV3Pair gas tests fee is on #swapExact0For1 first swap in block, large swap crossing a single initialized tick 1`] = `113345`;

exports[`UniswapV3Pair gas tests fee is on #swapExact0For1 first swap in block, large swap crossing several initialized ticks 1`] = `129374`;

exports[`UniswapV3Pair gas tests fee is on #swapExact0For1 first swap in block, large swap, no initialized crossings 1`] = `123145`;

exports[`UniswapV3Pair gas tests fee is on #swapExact0For1 large swap crossing several initialized ticks after some time passes (seconds outside is set) 1`] = `144374`;

exports[`UniswapV3Pair gas tests fee is on #swapExact0For1 large swap crossing several initialized ticks second time after some time passes 1`] = `204397`;

exports[`UniswapV3Pair gas tests fee is on #swapExact0For1 second swap in block moves tick, no initialized crossings 1`] = `110845`;

exports[`UniswapV3Pair gas tests fee is on #swapExact0For1 second swap in block with no tick movement 1`] = `93542`;

exports[`UniswapV3Pair gas tests fee is on #swapExact0For1 second swap in block, large swap crossing a single initialized tick 1`] = `100811`;

exports[`UniswapV3Pair gas tests fee is on #swapExact0For1 second swap in block, large swap crossing several initialized ticks 1`] = `116810`;
